<html>
<body>
<pre>
<h1>µVision Build Log</h1>
<h2>Project:</h2>
C:\Users\abhis\OneDrive\Desktop\MCA_Sessional\SEVEN_SEGMENT_UVision\Seven_Segment.uvproj
Project File Date:  12/30/2021

<h2>Output:</h2>
Rebuild target 'Target 1'
assembling Startup.s...
compiling SevenSegment.c...
SevenSegment.c(8): warning:  #1295-D: Deprecated declaration pll - give arg types
  void pll();
SevenSegment.c(39): warning:  #111-D: statement is unreachable
        return 0;
SevenSegment.c(68): warning:  #1-D: last line of file ends without a newline
  }
SevenSegment.c: 3 warnings, 0 errors
linking...
Program Size: Code=1088 RO-data=32 RW-data=80 ZI-data=1256  
FromELF: creating hex file...
".\Seven_Segment.axf" - 0 Error(s), 3 Warning(s).
